[www.robertfidler.com/puzzle-n-survival/index.html]
[backblue.gif]
[fade.gif]
[index.html]
[www.robertfidler.com/puzzle-n-survival/favicon.ico]
[maxcdn.bootstrapcdn.com/bootstrap/3.2.0/css/bootstrap.min.css]
[maxcdn.bootstrapcdn.com/bootstrap/3.2.0/css/bootstrap-theme.min.css]
[www.robertfidler.com/puzzle-n-survival/styles/index.css]
[code.jquery.com/jquery-1.11.0.min.js]
[code.jquery.com/jquery-migrate-1.2.1.min.js]
[cdn.jsdelivr.net/npm/js-cookie@3.0.5/dist/js.cookie.min.js]
[maxcdn.bootstrapcdn.com/bootstrap/3.2.0/js/bootstrap.min.js]
[cdnsrc.asp.net/ajax/knockout/knockout-3.5.0.js]
[chir.ag/projects/ntc/ntc.js]
[www.robertfidler.com/puzzle-n-survival/scripts/PalletModel.js]
[www.robertfidler.com/puzzle-n-survival/scripts/TubeModel.js]
[www.robertfidler.com/puzzle-n-survival/scripts/Stack.js]
[www.robertfidler.com/puzzle-n-survival/scripts/GameState.js]
[www.robertfidler.com/puzzle-n-survival/scripts/GameDisplay.js]
[www.robertfidler.com/puzzle-n-survival/scripts/WaterSortViewModel.js]
[www.robertfidler.com/puzzle-n-survival/index.html]
[maxcdn.bootstrapcdn.com/bootstrap/3.2.0/css/bootstrap.min.css]
[maxcdn.bootstrapcdn.com/bootstrap/3.2.0/css/bootstrap-theme.min.css]
[www.robertfidler.com/puzzle-n-survival/styles/index.css]
